exports[`App should render 1`] = `
ShallowWrapper {
  "complexSelector": ComplexSelector {
    "buildPredicate": [Function],
    "childrenOfNode": [Function],
    "findWhereUnwrapped": [Function],
  },
  "length": 1,
  "node": <div
    className="app">
    <h3>
        Breadcrumbs
    </h3>
    <Breadcrumbs
        activeCrumb={undefined}
        items={
            Array [
                Object {
                  "id": 1,
                  "label": "Foo",
                },
                Object {
                  "id": 2,
                  "label": "Bar",
                },
                Object {
                  "id": 3,
                  "label": "Baz",
                },
              ]
        }
        onNavigate={[Function]} />
    <div
        className="error" />
    <h3>
        Routes
    </h3>
    <div
        className="route-btns">
        <a
            className="btn btn-default"
            href="#display">
            Display
        </a>
        <a
            className="btn btn-default"
            href="#entry">
            Add
        </a>
        <a
            className="btn btn-default"
            href="#assign-products">
            Assign Products
        </a>
        <a
            className="btn btn-default"
            href="#add-observations">
            Add Observations
        </a>
    </div>
    <div
        className="body" />
    <hr
        style={
            Object {
                "marginTop": "500px",
              }
        } />
    <h3>
        ButtonSet Component
    </h3>
    <ButtonSet
        buttons={
            Array [
                Object {
                  "disabled": true,
                  "kind": "primary",
                  "onClick": [Function],
                  "text": "Save",
                },
                Object {
                  "disabled": false,
                  "kind": "info",
                  "onClick": [Function],
                  "text": "Info",
                },
                Object {
                  "kind": "danger",
                  "onClick": [Function],
                  "text": "Cancel",
                },
              ]
        } />
    <hr />
    <h3>
        LookupInput Component
    </h3>
    <LookupInput
        img="search"
        onChange={[Function]}
        onSubmit={[Function]} />
    <hr />
    <h3>
        DropupBtn Component
    </h3>
    <DropupBtn
        btn={
            Object {
                "btnText": "My button",
                "disabled": false,
                "kind": "danger",
              }
        }
        links={
            Array [
                Object {
                  "onClick": [Function],
                  "separator": false,
                  "text": "link 1",
                },
                Object {
                  "onClick": [Function],
                  "separator": false,
                  "text": "link 2",
                },
              ]
        } />
    <hr />
    <h3>
        DateRange Component
    </h3>
    <div>
        <label>
            Date Range
        </label>
        <DateRange
            endDate={"2017-03-14T22:20:13.846Z"}
            onEndDateChanged={[Function]}
            onStartDateChanged={[Function]}
            startDate={"2017-03-14T22:20:13.846Z"} />
    </div>
    <hr />
    <h3>
        WizardSteps Component
    </h3>
    <WizardSteps
        activeIndex={0}
        steps={
            Array [
                "Assign Products",
                "Add Trail Data",
                "Add Observations",
              ]
        } />
    <hr />
    <h3>
        TargetSelect Component
    </h3>
    <TargetSelect
        categories={Array []}
        onChange={[Function]}
        selectedCategory=""
        selectedTarget=""
        targets={Array []} />
    <hr />
    <h3>
        Select Component
    </h3>
    <Select
        onChange={[Function]}
        options={
            Array [
                Object {
                  "text": "A",
                  "value": "a",
                },
                Object {
                  "text": "B",
                  "value": "b",
                },
                Object {
                  "text": "C",
                  "value": "c",
                },
              ]
        }
        size={1}
        value="" />
</div>,
  "nodes": Array [
    <div
      className="app">
      <h3>
            Breadcrumbs
      </h3>
      <Breadcrumbs
            activeCrumb={undefined}
            items={
                  Array [
                        Object {
                          "id": 1,
                          "label": "Foo",
                        },
                        Object {
                          "id": 2,
                          "label": "Bar",
                        },
                        Object {
                          "id": 3,
                          "label": "Baz",
                        },
                      ]
            }
            onNavigate={[Function]} />
      <div
            className="error" />
      <h3>
            Routes
      </h3>
      <div
            className="route-btns">
            <a
                  className="btn btn-default"
                  href="#display">
                  Display
            </a>
            <a
                  className="btn btn-default"
                  href="#entry">
                  Add
            </a>
            <a
                  className="btn btn-default"
                  href="#assign-products">
                  Assign Products
            </a>
            <a
                  className="btn btn-default"
                  href="#add-observations">
                  Add Observations
            </a>
      </div>
      <div
            className="body" />
      <hr
            style={
                  Object {
                        "marginTop": "500px",
                      }
            } />
      <h3>
            ButtonSet Component
      </h3>
      <ButtonSet
            buttons={
                  Array [
                        Object {
                          "disabled": true,
                          "kind": "primary",
                          "onClick": [Function],
                          "text": "Save",
                        },
                        Object {
                          "disabled": false,
                          "kind": "info",
                          "onClick": [Function],
                          "text": "Info",
                        },
                        Object {
                          "kind": "danger",
                          "onClick": [Function],
                          "text": "Cancel",
                        },
                      ]
            } />
      <hr />
      <h3>
            LookupInput Component
      </h3>
      <LookupInput
            img="search"
            onChange={[Function]}
            onSubmit={[Function]} />
      <hr />
      <h3>
            DropupBtn Component
      </h3>
      <DropupBtn
            btn={
                  Object {
                        "btnText": "My button",
                        "disabled": false,
                        "kind": "danger",
                      }
            }
            links={
                  Array [
                        Object {
                          "onClick": [Function],
                          "separator": false,
                          "text": "link 1",
                        },
                        Object {
                          "onClick": [Function],
                          "separator": false,
                          "text": "link 2",
                        },
                      ]
            } />
      <hr />
      <h3>
            DateRange Component
      </h3>
      <div>
            <label>
                  Date Range
            </label>
            <DateRange
                  endDate={"2017-03-14T22:20:13.846Z"}
                  onEndDateChanged={[Function]}
                  onStartDateChanged={[Function]}
                  startDate={"2017-03-14T22:20:13.846Z"} />
      </div>
      <hr />
      <h3>
            WizardSteps Component
      </h3>
      <WizardSteps
            activeIndex={0}
            steps={
                  Array [
                        "Assign Products",
                        "Add Trail Data",
                        "Add Observations",
                      ]
            } />
      <hr />
      <h3>
            TargetSelect Component
      </h3>
      <TargetSelect
            categories={Array []}
            onChange={[Function]}
            selectedCategory=""
            selectedTarget=""
            targets={Array []} />
      <hr />
      <h3>
            Select Component
      </h3>
      <Select
            onChange={[Function]}
            options={
                  Array [
                        Object {
                          "text": "A",
                          "value": "a",
                        },
                        Object {
                          "text": "B",
                          "value": "b",
                        },
                        Object {
                          "text": "C",
                          "value": "c",
                        },
                      ]
            }
            size={1}
            value="" />
</div>,
  ],
  "options": Object {},
  "renderer": ReactShallowRenderer {
    "_instance": ShallowComponentWrapper {
      "_calledComponentWillUnmount": false,
      "_compositeType": 0,
      "_context": Object {},
      "_currentElement": <App
        date={"2017-03-14T22:20:13.846Z"} />,
      "_debugID": 1,
      "_hostContainerInfo": null,
      "_hostParent": null,
      "_instance": App {
        "_reactInternalInstance": [Circular],
        "breadcrumbs": Array [
          Object {
            "id": 1,
            "label": "Foo",
          },
          Object {
            "id": 2,
            "label": "Bar",
          },
          Object {
            "id": 3,
            "label": "Baz",
          },
        ],
        "context": Object {},
        "onCategorySelect": [Function],
        "onEndDateChanged": [Function],
        "onNavigate": [Function],
        "onSelected": [Function],
        "onStartDateChanged": [Function],
        "props": Object {
          "date": "2017-03-14T22:20:13.846Z",
        },
        "refs": Object {},
        "state": Object {
          "activeCrumb": undefined,
          "availableMcts": Array [],
          "availableRegions": Array [],
          "crops": Array [],
          "description": "",
          "endDate": "2017-03-14T22:20:13.846Z",
          "error": "",
          "name": "",
          "productCategories": Array [],
          "productTargets": Array [],
          "projectMap": Object {},
          "selected": "",
          "selectedCategory": "",
          "selectedCrop": "",
          "selectedMct": "",
          "selectedRegion": "",
          "selectedTarget": "",
          "startDate": "2017-03-14T22:20:13.846Z",
        },
        "updater": Object {
          "enqueueCallback": [Function],
          "enqueueCallbackInternal": [Function],
          "enqueueElementInternal": [Function],
          "enqueueForceUpdate": [Function],
          "enqueueReplaceState": [Function],
          "enqueueSetState": [Function],
          "isMounted": [Function],
          "validateCallback": [Function],
        },
      },
      "_mountOrder": 1,
      "_pendingCallbacks": null,
      "_pendingElement": null,
      "_pendingForceUpdate": false,
      "_pendingReplaceState": false,
      "_pendingStateQueue": null,
      "_renderedComponent": NoopInternalComponent {
        "_currentElement": <div
          className="app">
          <h3>
                    Breadcrumbs
          </h3>
          <Breadcrumbs
                    activeCrumb={undefined}
                    items={
                              Array [
                                        Object {
                                          "id": 1,
                                          "label": "Foo",
                                        },
                                        Object {
                                          "id": 2,
                                          "label": "Bar",
                                        },
                                        Object {
                                          "id": 3,
                                          "label": "Baz",
                                        },
                                      ]
                    }
                    onNavigate={[Function]} />
          <div
                    className="error" />
          <h3>
                    Routes
          </h3>
          <div
                    className="route-btns">
                    <a
                              className="btn btn-default"
                              href="#display">
                              Display
                    </a>
                    <a
                              className="btn btn-default"
                              href="#entry">
                              Add
                    </a>
                    <a
                              className="btn btn-default"
                              href="#assign-products">
                              Assign Products
                    </a>
                    <a
                              className="btn btn-default"
                              href="#add-observations">
                              Add Observations
                    </a>
          </div>
          <div
                    className="body" />
          <hr
                    style={
                              Object {
                                        "marginTop": "500px",
                                      }
                    } />
          <h3>
                    ButtonSet Component
          </h3>
          <ButtonSet
                    buttons={
                              Array [
                                        Object {
                                          "disabled": true,
                                          "kind": "primary",
                                          "onClick": [Function],
                                          "text": "Save",
                                        },
                                        Object {
                                          "disabled": false,
                                          "kind": "info",
                                          "onClick": [Function],
                                          "text": "Info",
                                        },
                                        Object {
                                          "kind": "danger",
                                          "onClick": [Function],
                                          "text": "Cancel",
                                        },
                                      ]
                    } />
          <hr />
          <h3>
                    LookupInput Component
          </h3>
          <LookupInput
                    img="search"
                    onChange={[Function]}
                    onSubmit={[Function]} />
          <hr />
          <h3>
                    DropupBtn Component
          </h3>
          <DropupBtn
                    btn={
                              Object {
                                        "btnText": "My button",
                                        "disabled": false,
                                        "kind": "danger",
                                      }
                    }
                    links={
                              Array [
                                        Object {
                                          "onClick": [Function],
                                          "separator": false,
                                          "text": "link 1",
                                        },
                                        Object {
                                          "onClick": [Function],
                                          "separator": false,
                                          "text": "link 2",
                                        },
                                      ]
                    } />
          <hr />
          <h3>
                    DateRange Component
          </h3>
          <div>
                    <label>
                              Date Range
                    </label>
                    <DateRange
                              endDate={"2017-03-14T22:20:13.846Z"}
                              onEndDateChanged={[Function]}
                              onStartDateChanged={[Function]}
                              startDate={"2017-03-14T22:20:13.846Z"} />
          </div>
          <hr />
          <h3>
                    WizardSteps Component
          </h3>
          <WizardSteps
                    activeIndex={0}
                    steps={
                              Array [
                                        "Assign Products",
                                        "Add Trail Data",
                                        "Add Observations",
                                      ]
                    } />
          <hr />
          <h3>
                    TargetSelect Component
          </h3>
          <TargetSelect
                    categories={Array []}
                    onChange={[Function]}
                    selectedCategory=""
                    selectedTarget=""
                    targets={Array []} />
          <hr />
          <h3>
                    Select Component
          </h3>
          <Select
                    onChange={[Function]}
                    options={
                              Array [
                                        Object {
                                          "text": "A",
                                          "value": "a",
                                        },
                                        Object {
                                          "text": "B",
                                          "value": "b",
                                        },
                                        Object {
                                          "text": "C",
                                          "value": "c",
                                        },
                                      ]
                    }
                    size={1}
                    value="" />
</div>,
        "_debugID": 2,
        "_renderedOutput": <div
          className="app">
          <h3>
                    Breadcrumbs
          </h3>
          <Breadcrumbs
                    activeCrumb={undefined}
                    items={
                              Array [
                                        Object {
                                          "id": 1,
                                          "label": "Foo",
                                        },
                                        Object {
                                          "id": 2,
                                          "label": "Bar",
                                        },
                                        Object {
                                          "id": 3,
                                          "label": "Baz",
                                        },
                                      ]
                    }
                    onNavigate={[Function]} />
          <div
                    className="error" />
          <h3>
                    Routes
          </h3>
          <div
                    className="route-btns">
                    <a
                              className="btn btn-default"
                              href="#display">
                              Display
                    </a>
                    <a
                              className="btn btn-default"
                              href="#entry">
                              Add
                    </a>
                    <a
                              className="btn btn-default"
                              href="#assign-products">
                              Assign Products
                    </a>
                    <a
                              className="btn btn-default"
                              href="#add-observations">
                              Add Observations
                    </a>
          </div>
          <div
                    className="body" />
          <hr
                    style={
                              Object {
                                        "marginTop": "500px",
                                      }
                    } />
          <h3>
                    ButtonSet Component
          </h3>
          <ButtonSet
                    buttons={
                              Array [
                                        Object {
                                          "disabled": true,
                                          "kind": "primary",
                                          "onClick": [Function],
                                          "text": "Save",
                                        },
                                        Object {
                                          "disabled": false,
                                          "kind": "info",
                                          "onClick": [Function],
                                          "text": "Info",
                                        },
                                        Object {
                                          "kind": "danger",
                                          "onClick": [Function],
                                          "text": "Cancel",
                                        },
                                      ]
                    } />
          <hr />
          <h3>
                    LookupInput Component
          </h3>
          <LookupInput
                    img="search"
                    onChange={[Function]}
                    onSubmit={[Function]} />
          <hr />
          <h3>
                    DropupBtn Component
          </h3>
          <DropupBtn
                    btn={
                              Object {
                                        "btnText": "My button",
                                        "disabled": false,
                                        "kind": "danger",
                                      }
                    }
                    links={
                              Array [
                                        Object {
                                          "onClick": [Function],
                                          "separator": false,
                                          "text": "link 1",
                                        },
                                        Object {
                                          "onClick": [Function],
                                          "separator": false,
                                          "text": "link 2",
                                        },
                                      ]
                    } />
          <hr />
          <h3>
                    DateRange Component
          </h3>
          <div>
                    <label>
                              Date Range
                    </label>
                    <DateRange
                              endDate={"2017-03-14T22:20:13.846Z"}
                              onEndDateChanged={[Function]}
                              onStartDateChanged={[Function]}
                              startDate={"2017-03-14T22:20:13.846Z"} />
          </div>
          <hr />
          <h3>
                    WizardSteps Component
          </h3>
          <WizardSteps
                    activeIndex={0}
                    steps={
                              Array [
                                        "Assign Products",
                                        "Add Trail Data",
                                        "Add Observations",
                                      ]
                    } />
          <hr />
          <h3>
                    TargetSelect Component
          </h3>
          <TargetSelect
                    categories={Array []}
                    onChange={[Function]}
                    selectedCategory=""
                    selectedTarget=""
                    targets={Array []} />
          <hr />
          <h3>
                    Select Component
          </h3>
          <Select
                    onChange={[Function]}
                    options={
                              Array [
                                        Object {
                                          "text": "A",
                                          "value": "a",
                                        },
                                        Object {
                                          "text": "B",
                                          "value": "b",
                                        },
                                        Object {
                                          "text": "C",
                                          "value": "c",
                                        },
                                      ]
                    }
                    size={1}
                    value="" />
</div>,
      },
      "_renderedNodeType": 0,
      "_rootNodeID": 0,
      "_topLevelWrapper": null,
      "_updateBatchNumber": null,
      "_warnedAboutRefsInRender": false,
    },
    "getRenderOutput": [Function],
    "render": [Function],
  },
  "root": [Circular],
  "unrendered": <App
    date={"2017-03-14T22:20:13.846Z"} />,
}
`;
